exports[`Checkbox renders component without crashing 1`] = `[Function]`;
