exports[`Rating renders component without crashing 1`] = `[Function]`;
