exports[`App component renders component without crashing 1`] = `[Function]`;
