exports[`MovieList renders component without crashing 1`] = `[Function]`;
